9              9
8          [B] 8
7              7
6              6
5     [A]      5
4              4
3              3
2              2
1              1
0              0
